#
# There is insufficient memory for the Java Runtime Environment to continue.
# Native memory allocation (mmap) failed to map 130023424 bytes. Error detail: G1 virtual space
# Possible reasons:
#   The system is out of physical RAM or swap space
#   This process is running with CompressedOops enabled, and the Java Heap may be blocking the growth of the native heap
# Possible solutions:
#   Reduce memory load on the system
#   Increase physical memory or swap space
#   Check if swap backing store is full
#   Decrease Java heap size (-Xmx/-Xms)
#   Decrease number of Java threads
#   Decrease Java thread stack sizes (-Xss)
#   Set larger code cache with -XX:ReservedCodeCacheSize=
#   JVM is running with Unscaled Compressed Oops mode in which the Java heap is
#     placed in the first 4GB address space. The Java Heap base address is the
#     maximum limit for the native heap growth. Please use -XX:HeapBaseMinAddress
#     to set the Java Heap base and to place the Java Heap above 4GB virtual address.
# This output file may be truncated or incomplete.
#
#  Out of Memory Error (os_windows.cpp:3703), pid=2340, tid=27044
#
# JRE version:  (23.0+37) (build )
# Java VM: Java HotSpot(TM) 64-Bit Server VM (23+37-2369, mixed mode, sharing, tiered, compressed oops, compressed class ptrs, g1 gc, windows-amd64)
# No core dump will be written. Minidumps are not enabled by default on client versions of Windows
#

---------------  S U M M A R Y ------------

Command Line: -javaagent:C:\\Users\\krupa\\.m2\\repository\\org\\jacoco\\org.jacoco.agent\\0.8.12\\org.jacoco.agent-0.8.12-runtime.jar=destfile=D:\\DProjects\\finsight-ai\\target\\jacoco.exec C:\Users\krupa\AppData\Local\Temp\surefire18206685340975024588\surefirebooter-20260619160549884_3.jar C:\Users\krupa\AppData\Local\Temp\surefire18206685340975024588 2026-06-19T16-05-49_593-jvmRun1 surefire-20260619160549884_1tmp surefire_0-20260619160549884_2tmp

Host: 12th Gen Intel(R) Core(TM) i5-12450H, 12 cores, 7G,  Windows 11 , 64 bit Build 26100 (10.0.26100.8521)
Time: Fri Jun 19 16:05:50 2026 India Standard Time elapsed time: 0.029129 seconds (0d 0h 0m 0s)

---------------  T H R E A D  ---------------

Current thread (0x0000018791c0ef20):  JavaThread "Unknown thread" [_thread_in_vm, id=27044, stack(0x0000003befd00000,0x0000003befe00000) (1024K)]

Stack: [0x0000003befd00000,0x0000003befe00000]
Native frames: (J=compiled Java code, j=interpreted, Vv=VM code, C=native code)
V  [jvm.dll+0x6e08a9]  (no source info available)
V  [jvm.dll+0x87da63]  (no source info available)
V  [jvm.dll+0x87feee]  (no source info available)
V  [jvm.dll+0x8805c3]  (no source info available)
V  [jvm.dll+0x27aee6]  (no source info available)
V  [jvm.dll+0x6dd1b5]  (no source info available)
V  [jvm.dll+0x6d103a]  (no source info available)
V  [jvm.dll+0x35b3ea]  (no source info available)
V  [jvm.dll+0x3637f6]  (no source info available)
V  [jvm.dll+0x34fd5e]  (no source info available)
V  [jvm.dll+0x34fff8]  (no source info available)
V  [jvm.dll+0x3289cc]  (no source info available)
V  [jvm.dll+0x32966e]  (no source info available)
V  [jvm.dll+0x8442e5]  (no source info available)
V  [jvm.dll+0x3b9848]  (no source info available)
V  [jvm.dll+0x82d0dc]  (no source info available)
V  [jvm.dll+0x454d4e]  (no source info available)
V  [jvm.dll+0x456bd1]  (no source info available)
C  [jli.dll+0x52a3]  (no source info available)
C  [ucrtbase.dll+0x2cd30]  (no source info available)
C  [KERNEL32.DLL+0x2e957]  (no source info available)
C  [ntdll.dll+0x87c1c]  (no source info available)

Lock stack of current Java thread (top to bottom):


---------------  P R O C E S S  ---------------

Threads class SMR info:
_java_thread_list=0x00007fff969f3618, length=0, elements={
}

Java Threads: ( => current thread )
Total: 0

Other Threads:
  0x0000018791ccbe50 WorkerThread "GC Thread#0"                     [id=2788, stack(0x0000003befe00000,0x0000003beff00000) (1024K)]
  0x000001879411d4d0 ConcurrentGCThread "G1 Main Marker"            [id=14136, stack(0x0000003beff00000,0x0000003bf0000000) (1024K)]
  0x0000018791cce8c0 WorkerThread "G1 Conc#0"                       [id=24548, stack(0x0000003bf0000000,0x0000003bf0100000) (1024K)]

[error occurred during error reporting (printing all threads), id 0xc0000005, EXCEPTION_ACCESS_VIOLATION (0xc0000005) at pc=0x00007fff9613bfba]
VM state: not at safepoint (not fully initialized)

VM Mutex/Monitor currently owned by a thread:  ([mutex/lock_event])
[0x00007fff96a73a10] Heap_lock - owner thread: 0x0000018791c0ef20

Heap address: 0x0000000085200000, size: 1966 MB, Compressed Oops mode: 32-bit

CDS archive(s) mapped at: [0x0000000000000000-0x0000000000000000-0x0000000000000000), size 0, SharedBaseAddress: 0x0000000800000000, ArchiveRelocationMode: 1.
Narrow klass base: 0x0000000000000000, Narrow klass shift: 0, Narrow klass range: 0x0

GC Precious Log:
 CardTable entry size: 512
 Card Set container configuration: InlinePtr #cards 5 size 8 Array Of Cards #cards 10 size 36 Howl #buckets 4 coarsen threshold 1843 Howl Bitmap #cards 512 size 80 coarsen threshold 460 Card regions per heap region 1 cards per card region 2048

Heap:
 garbage-first heap   total reserved 2013184K, committed 0K, used 0K [0x0000000085200000, 0x0000000100000000)
  region size 1024K, 0 young (0K), 0 survivors (0K)

[error occurred during error reporting (printing heap information), id 0xc0000005, EXCEPTION_ACCESS_VIOLATION (0xc0000005) at pc=0x00007fff9653c3b9]
GC Heap History (0 events):
No events

Dll operation events (1 events):
Event: 0.022 Loaded shared library C:\Program Files\Java\jdk-23\bin\java.dll

Deoptimization events (0 events):
No events

Classes loaded (0 events):
No events

Classes unloaded (0 events):
No events

Classes redefined (0 events):
No events

Internal exceptions (0 events):
No events

VM Operations (0 events):
No events

Memory protections (0 events):
No events

Nmethod flushes (0 events):
No events

Events (0 events):
No events


Dynamic libraries:
0x00007ff6a15f0000 - 0x00007ff6a1600000 	C:\Program Files\Java\jdk-23\bin\java.exe
0x00007ff817040000 - 0x00007ff8172a6000 	C:\WINDOWS\SYSTEM32\ntdll.dll
0x00007ff815b50000 - 0x00007ff815c19000 	C:\WINDOWS\System32\KERNEL32.DLL
0x00007ff8147c0000 - 0x00007ff814bba000 	C:\WINDOWS\System32\KERNELBASE.dll
0x00007ff814670000 - 0x00007ff8147bc000 	C:\WINDOWS\System32\ucrtbase.dll
0x00007ff8033b0000 - 0x00007ff8033cb000 	C:\Program Files\Java\jdk-23\bin\VCRUNTIME140.dll
0x00007fff5dba0000 - 0x00007fff5dbb7000 	C:\Program Files\Java\jdk-23\bin\jli.dll
0x00007ff8160e0000 - 0x00007ff8162a7000 	C:\WINDOWS\System32\USER32.dll
0x00007ff8144c0000 - 0x00007ff8144e7000 	C:\WINDOWS\System32\win32u.dll
0x00007ffff2fd0000 - 0x00007ffff3262000 	C:\WINDOWS\WinSxS\amd64_microsoft.windows.common-controls_6595b64144ccf1df_6.0.26100.8521_none_3e08b75ce33403b3\COMCTL32.dll
0x00007ff815d40000 - 0x00007ff815d6b000 	C:\WINDOWS\System32\GDI32.dll
0x00007ff816a00000 - 0x00007ff816aa9000 	C:\WINDOWS\System32\msvcrt.dll
0x00007ff814bc0000 - 0x00007ff814ceb000 	C:\WINDOWS\System32\gdi32full.dll
0x00007ff814380000 - 0x00007ff814423000 	C:\WINDOWS\System32\msvcp_win.dll
0x00007ff815d00000 - 0x00007ff815d32000 	C:\WINDOWS\System32\IMM32.DLL
0x00007ff80efa0000 - 0x00007ff80efac000 	C:\Program Files\Java\jdk-23\bin\vcruntime140_1.dll
0x00007fff5b2c0000 - 0x00007fff5b34e000 	C:\Program Files\Java\jdk-23\bin\msvcp140.dll
0x00007fff95e00000 - 0x00007fff96b4f000 	C:\Program Files\Java\jdk-23\bin\server\jvm.dll
0x00007ff815540000 - 0x00007ff8155f6000 	C:\WINDOWS\System32\ADVAPI32.dll
0x00007ff815620000 - 0x00007ff8156ca000 	C:\WINDOWS\System32\sechost.dll
0x00007ff816b50000 - 0x00007ff816c68000 	C:\WINDOWS\System32\RPCRT4.dll
0x00007ff816ac0000 - 0x00007ff816b40000 	C:\WINDOWS\System32\WS2_32.dll
0x00007ff814130000 - 0x00007ff81418e000 	C:\WINDOWS\SYSTEM32\POWRPROF.dll
0x00007ff80f170000 - 0x00007ff80f17b000 	C:\WINDOWS\SYSTEM32\VERSION.dll
0x00007ff808b00000 - 0x00007ff808b36000 	C:\WINDOWS\SYSTEM32\WINMM.dll
0x00007ff814110000 - 0x00007ff814124000 	C:\WINDOWS\SYSTEM32\UMPDC.dll
0x00007ff813060000 - 0x00007ff81307b000 	C:\WINDOWS\SYSTEM32\kernel.appcore.dll
0x00007ff808740000 - 0x00007ff80874a000 	C:\Program Files\Java\jdk-23\bin\jimage.dll
0x00007ff811890000 - 0x00007ff811ad2000 	C:\WINDOWS\SYSTEM32\DBGHELP.DLL
0x00007ff816c70000 - 0x00007ff816ff3000 	C:\WINDOWS\System32\combase.dll
0x00007ff815e60000 - 0x00007ff815f39000 	C:\WINDOWS\System32\OLEAUT32.dll
0x00007fffdb350000 - 0x00007fffdb38b000 	C:\WINDOWS\SYSTEM32\dbgcore.DLL
0x00007ff8142d0000 - 0x00007ff814378000 	C:\WINDOWS\System32\bcryptPrimitives.dll
0x00007ffffc380000 - 0x00007ffffc38f000 	C:\Program Files\Java\jdk-23\bin\instrument.dll
0x00007ffffee10000 - 0x00007ffffee2e000 	C:\Program Files\Java\jdk-23\bin\java.dll
0x00007ff815f40000 - 0x00007ff8160d8000 	C:\WINDOWS\System32\ole32.dll
0x00007ff814db0000 - 0x00007ff815534000 	C:\WINDOWS\System32\SHELL32.dll

dbghelp: loaded successfully - version: 4.0.5 - missing functions: none
symbol engine: initialized successfully - sym options: 0x614 - pdb path: .;C:\Program Files\Java\jdk-23\bin;C:\WINDOWS\SYSTEM32;C:\WINDOWS\WinSxS\amd64_microsoft.windows.common-controls_6595b64144ccf1df_6.0.26100.8521_none_3e08b75ce33403b3;C:\Program Files\Java\jdk-23\bin\server

VM Arguments:
jvm_args: -javaagent:C:\\Users\\krupa\\.m2\\repository\\org\\jacoco\\org.jacoco.agent\\0.8.12\\org.jacoco.agent-0.8.12-runtime.jar=destfile=D:\\DProjects\\finsight-ai\\target\\jacoco.exec 
java_command: C:\Users\krupa\AppData\Local\Temp\surefire18206685340975024588\surefirebooter-20260619160549884_3.jar C:\Users\krupa\AppData\Local\Temp\surefire18206685340975024588 2026-06-19T16-05-49_593-jvmRun1 surefire-20260619160549884_1tmp surefire_0-20260619160549884_2tmp
java_class_path (initial): C:\Users\krupa\AppData\Local\Temp\surefire18206685340975024588\surefirebooter-20260619160549884_3.jar
Launcher Type: SUN_STANDARD

[Global flags]
     intx CICompilerCount                          = 4                                         {product} {ergonomic}
     uint ConcGCThreads                            = 3                                         {product} {ergonomic}
     uint G1ConcRefinementThreads                  = 10                                        {product} {ergonomic}
   size_t G1HeapRegionSize                         = 1048576                                   {product} {ergonomic}
   size_t InitialHeapSize                          = 130023424                                 {product} {ergonomic}
   size_t MarkStackSize                            = 4194304                                   {product} {ergonomic}
   size_t MarkStackSizeMax                         = 536870912                                 {product} {ergonomic}
   size_t MaxHeapSize                              = 2061500416                                {product} {ergonomic}
   size_t MinHeapDeltaBytes                        = 1048576                                   {product} {ergonomic}
   size_t MinHeapSize                              = 8388608                                   {product} {ergonomic}
    uintx NonNMethodCodeHeapSize                   = 5832704                                {pd product} {ergonomic}
    uintx NonProfiledCodeHeapSize                  = 122945536                              {pd product} {ergonomic}
    uintx ProfiledCodeHeapSize                     = 122880000                              {pd product} {ergonomic}
    uintx ReservedCodeCacheSize                    = 251658240                              {pd product} {ergonomic}
     bool SegmentedCodeCache                       = true                                      {product} {ergonomic}
   size_t SoftMaxHeapSize                          = 2061500416                             {manageable} {ergonomic}
     bool UseCompressedOops                        = true                           {product lp64_product} {ergonomic}
     bool UseG1GC                                  = true                                      {product} {ergonomic}
     bool UseLargePagesIndividualAllocation        = false                                  {pd product} {ergonomic}

Logging:
Log output configuration:
 #0: stdout all=warning uptime,level,tags foldmultilines=false
 #1: stderr all=off uptime,level,tags foldmultilines=false

Environment Variables:
PATH=C:\Program Files\Common Files\Oracle\Java\javapath;C:\windows\system32;C:\windows;C:\windows\System32\Wbem;C:\windows\System32\WindowsPowerShell\v1.0\;C:\windows\System32\OpenSSH\;C:\Program Files (x86)\NVIDIA Corporation\PhysX\Common;C:\Program Files\NVIDIA Corporation\NVIDIA NvDLISR;C:\WINDOWS\system32;C:\WINDOWS;C:\WINDOWS\System32\Wbem;C:\WINDOWS\System32\WindowsPowerShell\v1.0\;C:\WINDOWS\System32\OpenSSH\;C:\Program Files\Git\cmd;C:\Program Files\MATLAB\R2025b\bin;C:\Program Files\MATLAB\R2025a\bin;C:\Program Files\nodejs\;C:\Program Files\dotnet\;C:\Program Files (x86)\Windows Kits\10\Windows Performance Toolkit\;C:\Program Files\Docker\Docker\resources\bin;C:\Users\krupa\AppData\Local\Programs\Python\Python313\Scripts\;C:\Users\krupa\AppData\Local\Programs\Python\Python313\;C:\Users\krupa\AppData\Local\Programs\Python\Launcher\;C:\Users\krupa\AppData\Local\Microsoft\WindowsApps;C:\Users\krupa\AppData\Local\Programs\Microsoft VS Code\bin;;C:\Program Files\JetBrains\IntelliJ IDEA 2025.1.3\bin;;C:\Users\krupa\AppData\Roaming\npm;C:\Users\krupa\AppData\Local\Programs\mongosh\;c:\Users\krupa\.vscode\extensions\vscjava.vscode-java-debug-0.59.0\bundled\scripts\noConfigScripts
USERNAME=krupa
LANG=en_US.UTF-8
OS=Windows_NT
PROCESSOR_IDENTIFIER=Intel64 Family 6 Model 154 Stepping 3, GenuineIntel
TMP=C:\Users\krupa\AppData\Local\Temp
TEMP=C:\Users\krupa\AppData\Local\Temp




Periodic native trim disabled

---------------  S Y S T E M  ---------------

OS:
 Windows 11 , 64 bit Build 26100 (10.0.26100.8521)
OS uptime: 0 days 0:10 hours
Hyper-V role detected

CPU: total 12 (initial active 12) (6 cores per cpu, 2 threads per core) family 6 model 154 stepping 3 microcode 0x434, cx8, cmov, fxsr, ht, mmx, 3dnowpref, sse, sse2, sse3, ssse3, sse4.1, sse4.2, popcnt, lzcnt, tsc, tscinvbit, avx, avx2, aes, erms, clmul, bmi1, bmi2, adx, sha, fma, vzeroupper, clflush, clflushopt, clwb, hv, serialize, rdtscp, rdpid, fsrm, gfni, f16c, cet_ibt, cet_ss
Processor Information for processor 0
  Max Mhz: 2000, Current Mhz: 2000, Mhz Limit: 2000
Processor Information for processor 1
  Max Mhz: 2000, Current Mhz: 2000, Mhz Limit: 2000
Processor Information for processor 2
  Max Mhz: 2000, Current Mhz: 2000, Mhz Limit: 2000
Processor Information for processor 3
  Max Mhz: 2000, Current Mhz: 2000, Mhz Limit: 2000
Processor Information for processor 4
  Max Mhz: 2000, Current Mhz: 2000, Mhz Limit: 2000
Processor Information for processor 5
  Max Mhz: 2000, Current Mhz: 2000, Mhz Limit: 2000
Processor Information for processor 6
  Max Mhz: 2000, Current Mhz: 2000, Mhz Limit: 2000
Processor Information for processor 7
  Max Mhz: 2000, Current Mhz: 2000, Mhz Limit: 2000
Processor Information for processor 8
  Max Mhz: 2000, Current Mhz: 1466, Mhz Limit: 2000
Processor Information for processor 9
  Max Mhz: 2000, Current Mhz: 1466, Mhz Limit: 2000
Processor Information for processor 10
  Max Mhz: 2000, Current Mhz: 1466, Mhz Limit: 2000
Processor Information for processor 11
  Max Mhz: 2000, Current Mhz: 1466, Mhz Limit: 2000

Memory: 4k page, system-wide physical 7860M (372M free)
TotalPageFile size 17002M (AvailPageFile size 122M)
current process WorkingSet (physical memory assigned to process): 14M, peak: 14M
current process commit charge ("private bytes"): 65M, peak: 188M

vm_info: Java HotSpot(TM) 64-Bit Server VM (23+37-2369) for windows-amd64 JRE (23+37-2369), built on 2024-08-20T16:01:23Z with MS VC++ 17.6 (VS2022)

END.
